Listening on ports 8080 for http, and 8443 for https.
{
    "path": "/alert",
    "headers": {
        "host": "alert-receiver:8080",
        "user-agent": "Alertmanager/0.28.1",
        "content-length": "1220",
        "content-type": "application/json"
    },
    "method": "POST",
    "body": "{\"receiver\":\"local-evidence-sink\",\"status\":\"firing\",\"alerts\":[{\"status\":\"firing\",\"labels\":{\"alertname\":\"RfidOpsInstanceDown\",\"environment\":\"production-like\",\"instance\":\"host.docker.internal:28080\",\"job\":\"rfid-operations-console\",\"severity\":\"critical\"},\"annotations\":{\"description\":\"The production-like metrics endpoint has been unreachable for 15 seconds.\",\"summary\":\"RFID Operations Console is unreachable\"},\"startsAt\":\"2026-10-02T08:20:49.936Z\",\"endsAt\":\"0001-01-01T00:00:00Z\",\"generatorURL\":\"http://f9b5b8142e63:9090/graph?g0.expr=up%7Bjob%3D%22rfid-operations-console%22%7D+%3D%3D+0\\u0026g0.tab=1\",\"fingerprint\":\"af193e0bf014fc73\"}],\"groupLabels\":{\"alertname\":\"RfidOpsInstanceDown\",\"environment\":\"production-like\"},\"commonLabels\":{\"alertname\":\"RfidOpsInstanceDown\",\"environment\":\"production-like\",\"instance\":\"host.docker.internal:28080\",\"job\":\"rfid-operations-console\",\"severity\":\"critical\"},\"commonAnnotations\":{\"description\":\"The production-like metrics endpoint has been unreachable for 15 seconds.\",\"summary\":\"RFID Operations Console is unreachable\"},\"externalURL\":\"http://45e45fb24188:9093\",\"version\":\"4\",\"groupKey\":\"{}:{alertname=\\\"RfidOpsInstanceDown\\\", environment=\\\"production-like\\\"}\",\"truncatedAlerts\":0}\n",
    "fresh": false,
    "hostname": "alert-receiver",
    "ip": "::ffff:172.23.0.3",
    "ips": [],
    "protocol": "http",
    "query": {},
    "subdomains": [],
    "xhr": false,
    "os": {
        "hostname": "baccb50b2723"
    },
    "connection": {},
    "json": {
        "receiver": "local-evidence-sink",
        "status": "firing",
        "alerts": [
            {
                "status": "firing",
                "labels": {
                    "alertname": "RfidOpsInstanceDown",
                    "environment": "production-like",
                    "instance": "host.docker.internal:28080",
                    "job": "rfid-operations-console",
                    "severity": "critical"
                },
                "annotations": {
                    "description": "The production-like metrics endpoint has been unreachable for 15 seconds.",
                    "summary": "RFID Operations Console is unreachable"
                },
                "startsAt": "2026-10-02T08:20:49.936Z",
                "endsAt": "0001-01-01T00:00:00Z",
                "generatorURL": "http://f9b5b8142e63:9090/graph?g0.expr=up%7Bjob%3D%22rfid-operations-console%22%7D+%3D%3D+0&g0.tab=1",
                "fingerprint": "af193e0bf014fc73"
            }
        ],
        "groupLabels": {
            "alertname": "RfidOpsInstanceDown",
            "environment": "production-like"
        },
        "commonLabels": {
            "alertname": "RfidOpsInstanceDown",
            "environment": "production-like",
            "instance": "host.docker.internal:28080",
            "job": "rfid-operations-console",
            "severity": "critical"
        },
        "commonAnnotations": {
            "description": "The production-like metrics endpoint has been unreachable for 15 seconds.",
            "summary": "RFID Operations Console is unreachable"
        },
        "externalURL": "http://45e45fb24188:9093",
        "version": "4",
        "groupKey": "{}:{alertname=\"RfidOpsInstanceDown\", environment=\"production-like\"}",
        "truncatedAlerts": 0
    }
}
::ffff:172.23.0.3 - - [02/Oct/2026:08:20:50 +0000] "POST /alert HTTP/1.1" 200 3367 "-" "Alertmanager/0.28.1"
